
[TestMoveCmd/fails_when_missing_or_empty_arguments - 1]
aerospace-scratchpad move 

Output

Error
argument at position 0 is empty or whitespace
---

[TestMoveCmd/fails_when_getting_all_windows_return_an_erro - 1]
aerospace-scratchpad move test

Output

Error
unable to get windows
---

[TestMoveCmd/moves_a_window_to_scratchpad_by_pattern - 1]
[]testutils.AeroSpaceTree{
    {
        Windows: {
            {WindowID:1234, WindowTitle:"", AppName:"Notepad", AppBundleID:"", Workspace:""},
            {WindowID:5678, WindowTitle:"", AppName:"Finder", AppBundleID:"", Workspace:""},
        },
        Workspace:       &aerospace.Workspace{Workspace:"ws1"},
        FocusedWindowId: 5678,
    },
}
aerospace-scratchpad move Notepad

Output
Moving window 1234 | Notepad  to scratchpad

Error
 <nil>
---


[TestMoveCmd/fails_when_moving_a_window_to_scratchpad - 1]
[]testutils.AeroSpaceTree{
    {
        Windows: {
            {WindowID:1234, WindowTitle:"", AppName:"Notepad", AppBundleID:"", Workspace:""},
            {WindowID:5678, WindowTitle:"", AppName:"Finder", AppBundleID:"", Workspace:""},
        },
        Workspace:       &aerospace.Workspace{Workspace:"ws1"},
        FocusedWindowId: 5678,
    },
}
aerospace-scratchpad move Finder

Output

Error
unable to move window '5678 | Finder ' to scratchpad

---

[TestMoveCmd/moves_current_focused_window_to_scratchpad_when_empty - 1]
[]testutils.AeroSpaceTree{
    {
        Windows: {
            {WindowID:1234, WindowTitle:"", AppName:"Notepad", AppBundleID:"", Workspace:""},
            {WindowID:5678, WindowTitle:"", AppName:"Finder", AppBundleID:"", Workspace:""},
        },
        Workspace:       &aerospace.Workspace{Workspace:"ws1"},
        FocusedWindowId: 5678,
    },
}
aerospace-scratchpad move 

Output
Moving window 5678 | Finder  to scratchpad

Error
 <nil>
---
